cmd: 'xtract -func fmt.Println src/*.go'
output: |
    first value another value
